// Jest Snapshot v1, https://goo.gl/fbAQLP

exports[`SQuantity should render 1`] = `
<View
  style={
    Array [
      Object {
        "alignItems": "center",
        "borderColor": "#000",
        "borderRadius": 10.714285714285714,
        "borderStyle": "solid",
        "borderWidth": 1,
        "flexDirection": "row",
        "justifyContent": "space-between",
      },
    ]
  }
>
  <View
    accessible={true}
    collapsable={false}
    focusable={true}
    onClick={[Function]}
    onResponderGrant={[Function]}
    onResponderMove={[Function]}
    onResponderRelease={[Function]}
    onResponderTerminate={[Function]}
    onResponderTerminationRequest={[Function]}
    onStartShouldSetResponder={[Function]}
    style={
      Object {
        "marginBottom": 12.857142857142858,
        "marginLeft": 12.857142857142858,
        "marginRight": 12.857142857142858,
        "marginTop": 12.857142857142858,
        "opacity": 1,
      }
    }
  >
    <Text />
  </View>
</View>
`;
