// Jest Snapshot v1, https://goo.gl/fbAQLP

exports[`SIcons should render 1`] = `<Text />`;
